{
	"Value": "file is not scheduled for upload [hash=\"de9e0ee4fdf7edd162d1a6aff6fb4ebd64531b0bdc777b1c56fb908de71b74e2f10828af0dbf6ca1b626d820ec9cf2b7ca0e2e4a070c8140b318aa94bc7f3c40\"]\n"
}