{
	"Value": "file has already been uploaded [hash=\"1bbb3d893ed4975c7b6f9e90ceac21496ee4b7de1bec5e90e65ec2a24a8adfe9373fb4e7a5eba9399cbfe1a084d9e877d09b542d6266900c436d8f7c1139b313\"]\n"
}